// Vitest Snapshot v1, https://vitest.dev/guide/snapshot.html

exports[`Input.vue > renders 1`] = `
"<div class=\\"pf-input pf-input--text\\">
  <!-- input -->
  <!--v-if-->
  <div class=\\"pf-input__wrapper\\">
    <!--v-if--><input type=\\"text\\" class=\\"pf-input__inner\\" autocomplete=\\"off\\">
    <!--v-if-->
  </div>
  <!--v-if-->
  <!-- textarea end -->
</div>"
`;
